// Jest Snapshot v1, https://goo.gl/fbAQLP

exports[`MovieDetail should match with snapshot 1`] = `[Function]`;
