// Jest Snapshot v1, https://goo.gl/fbAQLP

exports[`ListFilters should match with snapshot 1`] = `[Function]`;
