// Jest Snapshot v1, https://goo.gl/fbAQLP

exports[`MoviesList should match with snapshot 1`] = `[Function]`;
